

c:/Users/Admin/Documents/GitHub/Sugamara/Sugamara.mq5 : information: compiling c:/Users/Admin/Documents/GitHub/Sugamara/Sugamara.mq5
c:/Users/Admin/Documents/GitHub/Sugamara/Sugamara.mq5 : information: including c:\Users\Admin\Documents\GitHub\Sugamara\Config\Enums.mqh
c:/Users/Admin/Documents/GitHub/Sugamara/Sugamara.mq5 : information: including c:\Users\Admin\Documents\GitHub\Sugamara\Config\InputParameters.mqh
c:/Users/Admin/Documents/GitHub/Sugamara/Sugamara.mq5 : information: including c:\Users\Admin\Documents\GitHub\Sugamara\Config\PairPresets.mqh
c:/Users/Admin/Documents/GitHub/Sugamara/Sugamara.mq5 : information: including c:\Users\Admin\Documents\GitHub\Sugamara\Core\GlobalVariables.mqh
c:\Users\Admin\Documents\GitHub\Sugamara\Core\GlobalVariables.mqh : information: including C:\Users\Admin\AppData\Roaming\MetaQuotes\Terminal\D0E8209F77C8CF37AD8BF550E51FF075\MQL5\Include\Trade\Trade.mqh
C:\Users\Admin\AppData\Roaming\MetaQuotes\Terminal\D0E8209F77C8CF37AD8BF550E51FF075\MQL5\Include\Trade\Trade.mqh : information: including C:\Users\Admin\AppData\Roaming\MetaQuotes\Terminal\D0E8209F77C8CF37AD8BF550E51FF075\MQL5\Include\Object.mqh
C:\Users\Admin\AppData\Roaming\MetaQuotes\Terminal\D0E8209F77C8CF37AD8BF550E51FF075\MQL5\Include\Object.mqh : information: including C:\Users\Admin\AppData\Roaming\MetaQuotes\Terminal\D0E8209F77C8CF37AD8BF550E51FF075\MQL5\Include\StdLibErr.mqh
C:\Users\Admin\AppData\Roaming\MetaQuotes\Terminal\D0E8209F77C8CF37AD8BF550E51FF075\MQL5\Include\Trade\Trade.mqh : information: including C:\Users\Admin\AppData\Roaming\MetaQuotes\Terminal\D0E8209F77C8CF37AD8BF550E51FF075\MQL5\Include\Trade\OrderInfo.mqh
C:\Users\Admin\AppData\Roaming\MetaQuotes\Terminal\D0E8209F77C8CF37AD8BF550E51FF075\MQL5\Include\Trade\Trade.mqh : information: including C:\Users\Admin\AppData\Roaming\MetaQuotes\Terminal\D0E8209F77C8CF37AD8BF550E51FF075\MQL5\Include\Trade\HistoryOrderInfo.mqh
C:\Users\Admin\AppData\Roaming\MetaQuotes\Terminal\D0E8209F77C8CF37AD8BF550E51FF075\MQL5\Include\Trade\Trade.mqh : information: including C:\Users\Admin\AppData\Roaming\MetaQuotes\Terminal\D0E8209F77C8CF37AD8BF550E51FF075\MQL5\Include\Trade\PositionInfo.mqh
C:\Users\Admin\AppData\Roaming\MetaQuotes\Terminal\D0E8209F77C8CF37AD8BF550E51FF075\MQL5\Include\Trade\Trade.mqh : information: including C:\Users\Admin\AppData\Roaming\MetaQuotes\Terminal\D0E8209F77C8CF37AD8BF550E51FF075\MQL5\Include\Trade\DealInfo.mqh
c:/Users/Admin/Documents/GitHub/Sugamara/Sugamara.mq5 : information: including c:\Users\Admin\Documents\GitHub\Sugamara\Core\BrokerValidation.mqh
c:/Users/Admin/Documents/GitHub/Sugamara/Sugamara.mq5 : information: including c:\Users\Admin\Documents\GitHub\Sugamara\Core\Initialization.mqh
c:/Users/Admin/Documents/GitHub/Sugamara/Sugamara.mq5 : information: including c:\Users\Admin\Documents\GitHub\Sugamara\Core\ModeLogic.mqh
c:/Users/Admin/Documents/GitHub/Sugamara/Sugamara.mq5 : information: including c:\Users\Admin\Documents\GitHub\Sugamara\Utils\Helpers.mqh
c:/Users/Admin/Documents/GitHub/Sugamara/Sugamara.mq5 : information: including c:\Users\Admin\Documents\GitHub\Sugamara\Utils\GridHelpers.mqh
c:/Users/Admin/Documents/GitHub/Sugamara/Sugamara.mq5 : information: including c:\Users\Admin\Documents\GitHub\Sugamara\Utils\ATRCalculator.mqh
c:/Users/Admin/Documents/GitHub/Sugamara/Sugamara.mq5 : information: including c:\Users\Admin\Documents\GitHub\Sugamara\Indicators\Indicators.mqh
c:/Users/Admin/Documents/GitHub/Sugamara/Sugamara.mq5 : information: including c:\Users\Admin\Documents\GitHub\Sugamara\Trading\OrderManager.mqh
c:/Users/Admin/Documents/GitHub/Sugamara/Sugamara.mq5 : information: including c:\Users\Admin\Documents\GitHub\Sugamara\Trading\GridASystem.mqh
c:/Users/Admin/Documents/GitHub/Sugamara/Sugamara.mq5 : information: including c:\Users\Admin\Documents\GitHub\Sugamara\Trading\GridBSystem.mqh
c:/Users/Admin/Documents/GitHub/Sugamara/Sugamara.mq5 : information: including c:\Users\Admin\Documents\GitHub\Sugamara\Trading\PositionMonitor.mqh
c:/Users/Admin/Documents/GitHub/Sugamara/Sugamara.mq5 : information: including c:\Users\Admin\Documents\GitHub\Sugamara\Trading\RiskManager.mqh
c:/Users/Admin/Documents/GitHub/Sugamara/Sugamara.mq5 : information: including c:\Users\Admin\Documents\GitHub\Sugamara\Trading\RangeBoxManager.mqh
c:/Users/Admin/Documents/GitHub/Sugamara/Sugamara.mq5 : information: including c:\Users\Admin\Documents\GitHub\Sugamara\Trading\HedgingManager.mqh
c:/Users/Admin/Documents/GitHub/Sugamara/Sugamara.mq5 : information: including c:\Users\Admin\Documents\GitHub\Sugamara\UI\Dashboard.mqh
c:\Users\Admin\Documents\GitHub\Sugamara\Utils\ATRCalculator.mqh(17,8) : error 165: 'GetATRPips' - function already defined and has body
c:\Users\Admin\Documents\GitHub\Sugamara\Core\ModeLogic.mqh : information: info    see declaration of function 'GetATRPips'
c:\Users\Admin\Documents\GitHub\Sugamara\Trading\HedgingManager.mqh(114,8) : error 165: 'NormalizeLotSize' - function already defined and has body
c:\Users\Admin\Documents\GitHub\Sugamara\Core\BrokerValidation.mqh : information: info    see declaration of function 'NormalizeLotSize'
c:\Users\Admin\Documents\GitHub\Sugamara\UI\Dashboard.mqh(806,6) : error 165: 'DrawEntryPointLine' - function already defined and has body
c:\Users\Admin\Documents\GitHub\Sugamara\Utils\GridHelpers.mqh : information: info    see declaration of function 'DrawEntryPointLine'
c:\Users\Admin\Documents\GitHub\Sugamara\UI\Dashboard.mqh(823,6) : error 165: 'DrawRangeBoundaries' - function already defined and has body
c:\Users\Admin\Documents\GitHub\Sugamara\Utils\GridHelpers.mqh : information: info    see declaration of function 'DrawRangeBoundaries'
c:\Users\Admin\Documents\GitHub\Sugamara\UI\Dashboard.mqh(929,6) : error 165: 'DeleteAllGridObjects' - function already defined and has body
c:\Users\Admin\Documents\GitHub\Sugamara\Utils\GridHelpers.mqh : information: info    see declaration of function 'DeleteAllGridObjects'
c:\Users\Admin\Documents\GitHub\Sugamara\UI\Dashboard.mqh(954,6) : error 165: 'CalculateTotalExposure' - function already defined and has body
c:\Users\Admin\Documents\GitHub\Sugamara\Trading\PositionMonitor.mqh : information: info    see declaration of function 'CalculateTotalExposure'
c:\Users\Admin\Documents\GitHub\Sugamara\Core\BrokerValidation.mqh(106,12) : error 256: undeclared identifier
c:\Users\Admin\Documents\GitHub\Sugamara\Core\BrokerValidation.mqh(107,50) : error 256: undeclared identifier
c:\Users\Admin\Documents\GitHub\Sugamara\Core\BrokerValidation.mqh(111,12) : error 256: undeclared identifier
c:\Users\Admin\Documents\GitHub\Sugamara\Core\BrokerValidation.mqh(112,50) : error 256: undeclared identifier
c:\Users\Admin\Documents\GitHub\Sugamara\Core\BrokerValidation.mqh(168,40) : error 256: undeclared identifier
c:\Users\Admin\Documents\GitHub\Sugamara\Core\BrokerValidation.mqh(169,46) : error 256: undeclared identifier
c:\Users\Admin\Documents\GitHub\Sugamara\Core\Initialization.mqh(32,36) : error 256: undeclared identifier
c:\Users\Admin\Documents\GitHub\Sugamara\Utils\GridHelpers.mqh(131,39) : warning 62: declaration of 'entryPoint' hides global variable
c:\Users\Admin\Documents\GitHub\Sugamara\Core\GlobalVariables.mqh : information: info    see previous declaration of 'entryPoint'
c:\Users\Admin\Documents\GitHub\Sugamara\Utils\GridHelpers.mqh(216,31) : warning 62: declaration of 'entryPoint' hides global variable
c:\Users\Admin\Documents\GitHub\Sugamara\Core\GlobalVariables.mqh : information: info    see previous declaration of 'entryPoint'
c:\Users\Admin\Documents\GitHub\Sugamara\Utils\ATRCalculator.mqh(251,20) : error 256: undeclared identifier
c:\Users\Admin\Documents\GitHub\Sugamara\Utils\ATRCalculator.mqh(260,20) : error 256: undeclared identifier
c:\Users\Admin\Documents\GitHub\Sugamara\Trading\GridASystem.mqh(258,45) : error 256: undeclared identifier
c:\Users\Admin\Documents\GitHub\Sugamara\Trading\GridASystem.mqh(261,45) : error 256: undeclared identifier
c:\Users\Admin\Documents\GitHub\Sugamara\Trading\GridASystem.mqh(304,45) : error 256: undeclared identifier
c:\Users\Admin\Documents\GitHub\Sugamara\Trading\GridASystem.mqh(307,45) : error 256: undeclared identifier
c:\Users\Admin\Documents\GitHub\Sugamara\Trading\GridASystem.mqh(350,18) : error 256: undeclared identifier
c:\Users\Admin\Documents\GitHub\Sugamara\Trading\GridASystem.mqh(350,47) : error 256: undeclared identifier
c:\Users\Admin\Documents\GitHub\Sugamara\Trading\GridASystem.mqh(374,18) : error 256: undeclared identifier
c:\Users\Admin\Documents\GitHub\Sugamara\Trading\GridASystem.mqh(374,47) : error 256: undeclared identifier
c:\Users\Admin\Documents\GitHub\Sugamara\Trading\GridBSystem.mqh(254,45) : error 256: undeclared identifier
c:\Users\Admin\Documents\GitHub\Sugamara\Trading\GridBSystem.mqh(257,45) : error 256: undeclared identifier
c:\Users\Admin\Documents\GitHub\Sugamara\Trading\GridBSystem.mqh(299,45) : error 256: undeclared identifier
c:\Users\Admin\Documents\GitHub\Sugamara\Trading\GridBSystem.mqh(302,45) : error 256: undeclared identifier
c:\Users\Admin\Documents\GitHub\Sugamara\Trading\GridBSystem.mqh(344,18) : error 256: undeclared identifier
c:\Users\Admin\Documents\GitHub\Sugamara\Trading\GridBSystem.mqh(344,47) : error 256: undeclared identifier
c:\Users\Admin\Documents\GitHub\Sugamara\Trading\GridBSystem.mqh(366,18) : error 256: undeclared identifier
c:\Users\Admin\Documents\GitHub\Sugamara\Trading\GridBSystem.mqh(366,47) : error 256: undeclared identifier
Result: 31 errors, 2 warnings
